../Core/Src/main.c:90:5:main	8	static
../Core/Src/main.c:159:6:SystemClock_Config	128	static
../Core/Src/main.c:216:13:MX_ADC2_Init	32	static
../Core/Src/main.c:281:13:MX_ADC3_Init	48	static
../Core/Src/main.c:347:13:MX_CAN_Init	8	static
../Core/Src/main.c:384:13:MX_I2C1_Init	8	static
../Core/Src/main.c:432:13:MX_SPI2_Init	8	static
../Core/Src/main.c:472:13:MX_TIM1_Init	96	static
../Core/Src/main.c:542:13:MX_TIM2_Init	48	static
../Core/Src/main.c:591:13:MX_UART4_Init	8	static
../Core/Src/main.c:626:13:MX_UART5_Init	8	static
../Core/Src/main.c:661:13:MX_USART2_UART_Init	8	static
../Core/Src/main.c:696:13:MX_GPIO_Init	48	static
../Core/Src/main.c:791:6:Error_Handler	4	static,ignoring_inline_asm
